venv\Scripts\python : 
2026-04-05 13:49:36  INFO 
     voicehire.main ù \u25
01\u2501\u2501\u2501\u2501
\u2501\u2501\u2501\u2501\u
2501\u2501\u2501\u2501\u25
01\u2501\u2501\u2501\u2501
\u2501\u2501\u2501\u2501\u
2501\u2501\u2501\u2501\u25
01\u2501\u2501\u2501\u2501
\u2501\u2501\u2501\u2501\u
2501\u2501\u2501\u2501\u25
01\u2501\u2501\u2501\u2501
At line:1 char:1
+ venv\Scripts\python 
test_workflow.py > 
test_log.txt 2>&1
+ ~~~~~~~~~~~~~~~~~~~~~~~~
~~~~~~~~~~~~~~~~~~~~~~~~~~
~~~~~~
    + CategoryInfo        
      : NotSpecified: (2  
  026-04-05 13:4...501\   
 u2501\u2501:String) [    
], RemoteException
    + FullyQualifiedError 
   Id : NativeCommandErr  
  or
 
2026-04-05 13:49:36  INFO 
     voicehire.main ù   
VoiceHire API starting 
up...
2026-04-05 13:49:36  INFO 
     voicehire.main ù   
Environment : development
2026-04-05 13:49:36  INFO 
     voicehire.main ù   
DB host     : postgres-vh.
postgres.database.azure.co
m:5432/voicehire?ssl=requi
re
2026-04-05 13:49:36  INFO 
     voicehire.main ù \u25
01\u2501\u2501\u2501\u2501
\u2501\u2501\u2501\u2501\u
2501\u2501\u2501\u2501\u25
01\u2501\u2501\u2501\u2501
\u2501\u2501\u2501\u2501\u
2501\u2501\u2501\u2501\u25
01\u2501\u2501\u2501\u2501
\u2501\u2501\u2501\u2501\u
2501\u2501\u2501\u2501\u25
01\u2501\u2501\u2501\u2501
2026-04-05 13:49:38  INFO 
     voicehire.main ù 
\u2713 PostgreSQL 
connection verified
2026-04-05 13:49:40  INFO 
     voicehire.main ù 
\u2713 Tables verified / 
created:
2026-04-05 13:49:40  INFO 
     voicehire.main ù     
ò job_description
2026-04-05 13:49:40  INFO 
     voicehire.main ù     
ò resume
2026-04-05 13:49:40  INFO 
     voicehire.main ù     
ò interview
2026-04-05 13:49:40  INFO 
     voicehire.main ù     
ò answer
2026-04-05 13:49:40  INFO 
     voicehire.main ù     
ò final_report
2026-04-05 13:49:40  INFO 
     voicehire.main ù \u25
01\u2501\u2501\u2501\u2501
\u2501\u2501\u2501\u2501\u
2501\u2501\u2501\u2501\u25
01\u2501\u2501\u2501\u2501
\u2501\u2501\u2501\u2501\u
2501\u2501\u2501\u2501\u25
01\u2501\u2501\u2501\u2501
\u2501\u2501\u2501\u2501\u
2501\u2501\u2501\u2501\u25
01\u2501\u2501\u2501\u2501
2026-04-05 13:49:40  INFO 
     voicehire.main ù   
VoiceHire API ready on 
http://0.0.0.0:8000
2026-04-05 13:49:40  INFO 
     voicehire.main ù \u25
01\u2501\u2501\u2501\u2501
\u2501\u2501\u2501\u2501\u
2501\u2501\u2501\u2501\u25
01\u2501\u2501\u2501\u2501
\u2501\u2501\u2501\u2501\u
2501\u2501\u2501\u2501\u25
01\u2501\u2501\u2501\u2501
\u2501\u2501\u2501\u2501\u
2501\u2501\u2501\u2501\u25
01\u2501\u2501\u2501\u2501
2026-04-05 13:49:40  INFO 
     app.routes.job_descri
ption ù JD validated: 
dummy_jd.pdf (1070 bytes)
2026-04-05 13:49:40  INFO 
     azure.core.pipeline.p
olicies.http_logging_polic
y ù Request URL: 'https://
voicehireblob.blob.core.wi
ndows.net/jds/d9f536c0-78b
9-4e72-b849-ce2b77196e4d_d
ummy_jd.pdf'
Request method: 'PUT'
Request headers:
    'Content-Length': 
'1070'
    'x-ms-blob-type': 
'REDACTED'
    
'x-ms-blob-content-type': 
'REDACTED'
    'x-ms-version': 
'REDACTED'
    'Content-Type': 
'application/octet-stream'
    'Accept': 
'application/xml'
    'User-Agent': 'azsdk-p
ython-storage-blob/12.28.0
 Python/3.13.5 (Windows-11
-10.0.26200-SP0)'
    'x-ms-date': 
'REDACTED'
    
'x-ms-client-request-id': 
'314be496-30c8-11f1-9a19-d
880838a314c'
    'Authorization': 
'REDACTED'
A body is sent with the 
request
2026-04-05 13:49:41  INFO 
     azure.core.pipeline.p
olicies.http_logging_polic
y ù Response status: 201
Response headers:
    'Content-Length': '0'
    'Content-MD5': 
'REDACTED'
    'Last-Modified': 
'Sun, 05 Apr 2026 
08:19:41 GMT'
    'ETag': 
'"0x8DE92EC162E5445"'
    'Server': 
'Windows-Azure-Blob/1.0 
Microsoft-HTTPAPI/2.0'
    'x-ms-request-id': '11
b95e7c-301e-0068-44d4-c469
cd000000'
    
'x-ms-client-request-id': 
'314be496-30c8-11f1-9a19-d
880838a314c'
    'x-ms-version': 
'REDACTED'
    'x-ms-content-crc64': 
'REDACTED'
    'x-ms-request-server-e
ncrypted': 'REDACTED'
    'Date': 'Sun, 05 Apr 
2026 08:19:40 GMT'
2026-04-05 13:49:41  INFO 
     app.routes.job_descri
ption ù JD uploaded to 
blob: https://voicehireblo
b.blob.core.windows.net/jd
s/d9f536c0-78b9-4e72-b849-
ce2b77196e4d_dummy_jd.pdf
2026-04-05 13:49:41  INFO 
     app.routes.job_descri
ption ù Text extracted 
(119 chars)
2026-04-05 13:49:45  INFO 
     httpx ù HTTP 
Request: POST https://voic
ehire-01.openai.azure.com/
openai/deployments/gpt-4.1
/chat/completions?api-vers
ion=2024-02-01 "HTTP/1.1 
200 OK"
2026-04-05 13:49:45  INFO 
     app.routes.job_descri
ption ù Extraction 
complete for role: Senior 
Python Developer
2026-04-05 13:49:48  INFO 
     app.routes.job_descri
ption ù JD saved to DB: id
=b15c5542-2aa5-4b3c-ae8c-6
9eea0889de1
2026-04-05 13:49:48  INFO 
     httpx ù HTTP 
Request: POST http://tests
erver/job-descriptions/upl
oad "HTTP/1.1 201 Created"
2026-04-05 13:49:49  INFO 
     app.routes.resume ù 
Resume validated: 
dummy_resume.pdf (1067 
bytes)
2026-04-05 13:49:49  INFO 
     azure.core.pipeline.p
olicies.http_logging_polic
y ù Request URL: 'https://
voicehireblob.blob.core.wi
ndows.net/resumes/fa72d2ce
-9401-4c0f-b646-3f7af7bf7a
6c_dummy_resume.pdf'
Request method: 'PUT'
Request headers:
    'Content-Length': 
'1067'
    'x-ms-blob-type': 
'REDACTED'
    
'x-ms-blob-content-type': 
'REDACTED'
    'x-ms-version': 
'REDACTED'
    'Content-Type': 
'application/octet-stream'
    'Accept': 
'application/xml'
    'User-Agent': 'azsdk-p
ython-storage-blob/12.28.0
 Python/3.13.5 (Windows-11
-10.0.26200-SP0)'
    'x-ms-date': 
'REDACTED'
    
'x-ms-client-request-id': 
'366ec92d-30c8-11f1-bbcc-d
880838a314c'
    'Authorization': 
'REDACTED'
A body is sent with the 
request
2026-04-05 13:49:50  INFO 
     azure.core.pipeline.p
olicies.http_logging_polic
y ù Response status: 201
Response headers:
    'Content-Length': '0'
    'Content-MD5': 
'REDACTED'
    'Last-Modified': 
'Sun, 05 Apr 2026 
08:19:50 GMT'
    'ETag': 
'"0x8DE92EC1B503B1F"'
    'Server': 
'Windows-Azure-Blob/1.0 
Microsoft-HTTPAPI/2.0'
    'x-ms-request-id': 'a3
6739b0-301e-0063-34d4-c471
b9000000'
    
'x-ms-client-request-id': 
'366ec92d-30c8-11f1-bbcc-d
880838a314c'
    'x-ms-version': 
'REDACTED'
    'x-ms-content-crc64': 
'REDACTED'
    'x-ms-request-server-e
ncrypted': 'REDACTED'
    'Date': 'Sun, 05 Apr 
2026 08:19:49 GMT'
2026-04-05 13:49:50  INFO 
     app.routes.resume ù 
Resume uploaded to blob: h
ttps://voicehireblob.blob.
core.windows.net/resumes/f
a72d2ce-9401-4c0f-b646-3f7
af7bf7a6c_dummy_resume.pdf
2026-04-05 13:49:50  INFO 
     app.routes.resume ù 
Text extracted (128 chars)
2026-04-05 13:49:52  INFO 
     httpx ù HTTP 
Request: POST https://voic
ehire-01.openai.azure.com/
openai/deployments/gpt-4.1
/chat/completions?api-vers
ion=2024-02-01 "HTTP/1.1 
200 OK"
2026-04-05 13:49:52  INFO 
     app.routes.resume ù 
Extraction complete for: 
John Doe
2026-04-05 13:49:53  INFO 
     app.routes.resume ù 
Resume saved to DB: id=9f7
376fc-862c-4f4c-9a49-dd611
e17e858
2026-04-05 13:49:53  INFO 
     httpx ù HTTP 
Request: POST http://tests
erver/resumes/upload 
"HTTP/1.1 201 Created"
2026-04-05 13:49:54  INFO 
     
app.services.comparison ù 
Sending Resume and JD to 
Azure OpenAI for matching 
evaluation
2026-04-05 13:49:57  INFO 
     httpx ù HTTP 
Request: POST https://voic
ehire-01.openai.azure.com/
openai/deployments/gpt-4.1
/chat/completions?api-vers
ion=2024-02-01 "HTTP/1.1 
200 OK"
2026-04-05 13:49:57  INFO 
     
app.services.comparison ù 
Matching evaluation 
complete. Score: 35.0
2026-04-05 13:49:59  INFO 
     httpx ù HTTP 
Request: POST http://tests
erver/api/interview/evalua
te "HTTP/1.1 200 OK"
2026-04-05 13:49:59  INFO 
     voicehire.main ù 
VoiceHire API shutting 
down...
2026-04-05 13:49:59  INFO 
     voicehire.main ù 
\u2713 Database engine 
disposed. Goodbye.
Generating Dummy PDFs...
Initializing test client...

[STEP 1] FastAPI Lifespan triggered successfully!

[STEP 2] Uploading dummy PDF Job Description...
content_type:  application/pdf
SUCCESS: Job Description created with UUID: b15c5542-2aa5-4b3c-ae8c-69eea0889de1

[STEP 3] Uploading dummy PDF Resume...
content_type:  application/pdf
SUCCESS: Resume created with UUID: 9f7376fc-862c-4f4c-9a49-dd611e17e858

[STEP 4] Evaluating candidate match (this triggers LLM matching AND question generation)...
SUCCESS: Match Evaluated!
{
  "eligibility": false,
  "match_score": 35.0,
  "reason": "The candidate has solid Python and some SQL experience, but lacks FastAPI, PostgreSQL, and any Azure background, all of which are critical for the role. Additionally, the candidate has only 3 years of experience, falling short of the senior-level requirement of 5+ years. The match is limited due to these significant gaps.",
  "interview_id": null,
  "session_token": null
}

[RESULT] All built endpoints succeeded! Application backend is fully validated.
